// Jest Snapshot v1, https://goo.gl/fbAQLP

exports[`Rendering Home component 1`] = `
<MemoryRouter>
  <Router
    history={
      Object {
        "action": "POP",
        "block": [Function],
        "canGo": [Function],
        "createHref": [Function],
        "entries": Array [
          Object {
            "hash": "",
            "key": "met0xu",
            "pathname": "/",
            "search": "",
            "state": undefined,
          },
        ],
        "go": [Function],
        "goBack": [Function],
        "goForward": [Function],
        "index": 0,
        "length": 1,
        "listen": [Function],
        "location": Object {
          "hash": "",
          "key": "met0xu",
          "pathname": "/",
          "search": "",
          "state": undefined,
        },
        "push": [Function],
        "replace": [Function],
      }
    }
  >
    <Home>
      <div
        className="componentContainer componentContainer-home"
      >
        <div
          className="typewriter"
        >
          <h1>
            ¡Bienvenid@s a mi website!
          </h1>
          <h2>
            ¡Pásele con confianza!
          </h2>
        </div>
        <br />
        <br />
        <div
          className="divFlechas"
        >
          <Flecha
            direccion="der"
            ruta="/quiensoy"
          >
            <Link
              to="/quiensoy"
            >
              <a
                href="/quiensoy"
                onClick={[Function]}
              >
                <img
                  alt="arrow"
                  className="flecha"
                  src={Object {}}
                />
              </a>
            </Link>
          </Flecha>
        </div>
      </div>
    </Home>
  </Router>
</MemoryRouter>
`;
